171.250.87.17 - - [28/Jun/2020:08:53:45 +0700] "GET / HTTP/1.1" 200 3035 "-" "Mozilla/5.0 (Windows NT 10.0; Win64; x64) AppleWebKit/537.36 (KHTML, like Gecko) Chrome/83.0.4103.116 Safari/537.36 Edg/83.0.478.56"
171.250.87.17 - - [28/Jun/2020:08:53:52 +0700] "GET /admin/post/create HTTP/1.1" 302 358 "https://cafeweb.xyz/admin/post" "Mozilla/5.0 (Windows NT 10.0; Win64; x64) AppleWebKit/537.36 (KHTML, like Gecko) Chrome/83.0.4103.116 Safari/537.36 Edg/83.0.478.56"
171.250.87.17 - - [28/Jun/2020:08:53:52 +0700] "GET /login HTTP/1.1" 200 1218 "https://cafeweb.xyz/admin/post" "Mozilla/5.0 (Windows NT 10.0; Win64; x64) AppleWebKit/537.36 (KHTML, like Gecko) Chrome/83.0.4103.116 Safari/537.36 Edg/83.0.478.56"
171.250.87.17 - - [28/Jun/2020:08:53:54 +0700] "POST /login HTTP/1.1" 302 406 "https://cafeweb.xyz/login" "Mozilla/5.0 (Windows NT 10.0; Win64; x64) AppleWebKit/537.36 (KHTML, like Gecko) Chrome/83.0.4103.116 Safari/537.36 Edg/83.0.478.56"
171.250.87.17 - - [28/Jun/2020:08:53:54 +0700] "GET /admin/post/create HTTP/1.1" 200 5502 "https://cafeweb.xyz/login" "Mozilla/5.0 (Windows NT 10.0; Win64; x64) AppleWebKit/537.36 (KHTML, like Gecko) Chrome/83.0.4103.116 Safari/537.36 Edg/83.0.478.56"
171.250.87.17 - - [28/Jun/2020:08:53:59 +0700] "GET /filemanager?type=image HTTP/1.1" 200 10924 "https://cafeweb.xyz/admin/post/create" "Mozilla/5.0 (Windows NT 10.0; Win64; x64) AppleWebKit/537.36 (KHTML, like Gecko) Chrome/83.0.4103.116 Safari/537.36 Edg/83.0.478.56"
171.250.87.17 - - [28/Jun/2020:08:54:00 +0700] "GET /filemanager/errors?working_dir=&type=image&_=1593309240876 HTTP/1.1" 200 33 "https://cafeweb.xyz/filemanager?type=image" "Mozilla/5.0 (Windows NT 10.0; Win64; x64) AppleWebKit/537.36 (KHTML, like Gecko) Chrome/83.0.4103.116 Safari/537.36 Edg/83.0.478.56"
171.250.87.17 - - [28/Jun/2020:08:54:00 +0700] "GET /filemanager/folders?working_dir=&type=image&_=1593309240875 HTTP/1.1" 200 502 "https://cafeweb.xyz/filemanager?type=image" "Mozilla/5.0 (Windows NT 10.0; Win64; x64) AppleWebKit/537.36 (KHTML, like Gecko) Chrome/83.0.4103.116 Safari/537.36 Edg/83.0.478.56"
171.250.87.17 - - [28/Jun/2020:08:54:00 +0700] "GET /filemanager/jsonitems?working_dir=&type=image&sort_type=alphabetic&page=1&_=1593309240877 HTTP/1.1" 200 334 "https://cafeweb.xyz/filemanager?type=image" "Mozilla/5.0 (Windows NT 10.0; Win64; x64) AppleWebKit/537.36 (KHTML, like Gecko) Chrome/83.0.4103.116 Safari/537.36 Edg/83.0.478.56"
171.250.87.17 - - [28/Jun/2020:08:54:10 +0700] "POST /laravel-filemanager/upload HTTP/1.1" 200 72 "https://cafeweb.xyz/filemanager?type=image" "Mozilla/5.0 (Windows NT 10.0; Win64; x64) AppleWebKit/537.36 (KHTML, like Gecko) Chrome/83.0.4103.116 Safari/537.36 Edg/83.0.478.56"
171.250.87.17 - - [28/Jun/2020:08:54:18 +0700] "GET /filemanager/delete?working_dir=%2F1&type=image&items%5B%5D=7791.jpeg&_=1593309240878 HTTP/1.1" 200 33 "https://cafeweb.xyz/filemanager?type=image" "Mozilla/5.0 (Windows NT 10.0; Win64; x64) AppleWebKit/537.36 (KHTML, like Gecko) Chrome/83.0.4103.116 Safari/537.36 Edg/83.0.478.56"
171.250.87.17 - - [28/Jun/2020:08:54:19 +0700] "GET /filemanager/folders?working_dir=%2F1&type=image&_=1593309240879 HTTP/1.1" 200 502 "https://cafeweb.xyz/filemanager?type=image" "Mozilla/5.0 (Windows NT 10.0; Win64; x64) AppleWebKit/537.36 (KHTML, like Gecko) Chrome/83.0.4103.116 Safari/537.36 Edg/83.0.478.56"
171.250.87.17 - - [28/Jun/2020:08:54:19 +0700] "GET /filemanager/jsonitems?working_dir=%2F1&type=image&sort_type=alphabetic&page=1&_=1593309240880 HTTP/1.1" 200 308 "https://cafeweb.xyz/filemanager?type=image" "Mozilla/5.0 (Windows NT 10.0; Win64; x64) AppleWebKit/537.36 (KHTML, like Gecko) Chrome/83.0.4103.116 Safari/537.36 Edg/83.0.478.56"
171.250.87.17 - - [28/Jun/2020:08:54:28 +0700] "POST /laravel-filemanager/upload HTTP/1.1" 200 35 "https://cafeweb.xyz/filemanager?type=image" "Mozilla/5.0 (Windows NT 10.0; Win64; x64) AppleWebKit/537.36 (KHTML, like Gecko) Chrome/83.0.4103.116 Safari/537.36 Edg/83.0.478.56"
171.250.87.17 - - [28/Jun/2020:08:54:28 +0700] "GET /filemanager/folders?working_dir=%2F1&type=image&_=1593309240881 HTTP/1.1" 200 502 "https://cafeweb.xyz/filemanager?type=image" "Mozilla/5.0 (Windows NT 10.0; Win64; x64) AppleWebKit/537.36 (KHTML, like Gecko) Chrome/83.0.4103.116 Safari/537.36 Edg/83.0.478.56"
171.250.87.17 - - [28/Jun/2020:08:54:28 +0700] "GET /filemanager/jsonitems?working_dir=%2F1&type=image&sort_type=alphabetic&page=1&_=1593309240882 HTTP/1.1" 200 333 "https://cafeweb.xyz/filemanager?type=image" "Mozilla/5.0 (Windows NT 10.0; Win64; x64) AppleWebKit/537.36 (KHTML, like Gecko) Chrome/83.0.4103.116 Safari/537.36 Edg/83.0.478.56"
171.250.87.17 - - [28/Jun/2020:08:56:46 +0700] "GET /filemanager?type=image HTTP/1.1" 200 10924 "https://cafeweb.xyz/admin/post/create" "Mozilla/5.0 (Windows NT 10.0; Win64; x64) AppleWebKit/537.36 (KHTML, like Gecko) Chrome/83.0.4103.116 Safari/537.36 Edg/83.0.478.56"
171.250.87.17 - - [28/Jun/2020:08:56:47 +0700] "GET /filemanager/errors?working_dir=&type=image&_=1593309407521 HTTP/1.1" 200 33 "https://cafeweb.xyz/filemanager?type=image" "Mozilla/5.0 (Windows NT 10.0; Win64; x64) AppleWebKit/537.36 (KHTML, like Gecko) Chrome/83.0.4103.116 Safari/537.36 Edg/83.0.478.56"
171.250.87.17 - - [28/Jun/2020:08:56:47 +0700] "GET /filemanager/folders?working_dir=&type=image&_=1593309407520 HTTP/1.1" 200 502 "https://cafeweb.xyz/filemanager?type=image" "Mozilla/5.0 (Windows NT 10.0; Win64; x64) AppleWebKit/537.36 (KHTML, like Gecko) Chrome/83.0.4103.116 Safari/537.36 Edg/83.0.478.56"
171.250.87.17 - - [28/Jun/2020:08:56:47 +0700] "GET /filemanager/jsonitems?working_dir=&type=image&sort_type=alphabetic&page=1&_=1593309407522 HTTP/1.1" 200 333 "https://cafeweb.xyz/filemanager?type=image" "Mozilla/5.0 (Windows NT 10.0; Win64; x64) AppleWebKit/537.36 (KHTML, like Gecko) Chrome/83.0.4103.116 Safari/537.36 Edg/83.0.478.56"
171.250.87.17 - - [28/Jun/2020:08:56:58 +0700] "POST /laravel-filemanager/upload HTTP/1.1" 200 72 "https://cafeweb.xyz/filemanager?type=image" "Mozilla/5.0 (Windows NT 10.0; Win64; x64) AppleWebKit/537.36 (KHTML, like Gecko) Chrome/83.0.4103.116 Safari/537.36 Edg/83.0.478.56"
171.250.87.17 - - [28/Jun/2020:08:57:02 +0700] "POST /laravel-filemanager/upload HTTP/1.1" 200 35 "https://cafeweb.xyz/filemanager?type=image" "Mozilla/5.0 (Windows NT 10.0; Win64; x64) AppleWebKit/537.36 (KHTML, like Gecko) Chrome/83.0.4103.116 Safari/537.36 Edg/83.0.478.56"
171.250.87.17 - - [28/Jun/2020:08:57:02 +0700] "GET /filemanager/folders?working_dir=%2F1&type=image&_=1593309407523 HTTP/1.1" 200 502 "https://cafeweb.xyz/filemanager?type=image" "Mozilla/5.0 (Windows NT 10.0; Win64; x64) AppleWebKit/537.36 (KHTML, like Gecko) Chrome/83.0.4103.116 Safari/537.36 Edg/83.0.478.56"
171.250.87.17 - - [28/Jun/2020:08:57:02 +0700] "GET /filemanager/jsonitems?working_dir=%2F1&type=image&sort_type=alphabetic&page=1&_=1593309407524 HTTP/1.1" 200 382 "https://cafeweb.xyz/filemanager?type=image" "Mozilla/5.0 (Windows NT 10.0; Win64; x64) AppleWebKit/537.36 (KHTML, like Gecko) Chrome/83.0.4103.116 Safari/537.36 Edg/83.0.478.56"
171.250.87.17 - - [28/Jun/2020:08:57:14 +0700] "GET /filemanager/delete?working_dir=%2F1&type=image&items%5B%5D=5840f18d-7525-44c4-b9ca-7ecda9fd7b79.png&_=1593309407525 HTTP/1.1" 200 33 "https://cafeweb.xyz/filemanager?type=image" "Mozilla/5.0 (Windows NT 10.0; Win64; x64) AppleWebKit/537.36 (KHTML, like Gecko) Chrome/83.0.4103.116 Safari/537.36 Edg/83.0.478.56"
171.250.87.17 - - [28/Jun/2020:08:57:14 +0700] "GET /filemanager/folders?working_dir=%2F1&type=image&_=1593309407526 HTTP/1.1" 200 502 "https://cafeweb.xyz/filemanager?type=image" "Mozilla/5.0 (Windows NT 10.0; Win64; x64) AppleWebKit/537.36 (KHTML, like Gecko) Chrome/83.0.4103.116 Safari/537.36 Edg/83.0.478.56"
171.250.87.17 - - [28/Jun/2020:08:57:14 +0700] "GET /filemanager/jsonitems?working_dir=%2F1&type=image&sort_type=alphabetic&page=1&_=1593309407527 HTTP/1.1" 200 333 "https://cafeweb.xyz/filemanager?type=image" "Mozilla/5.0 (Windows NT 10.0; Win64; x64) AppleWebKit/537.36 (KHTML, like Gecko) Chrome/83.0.4103.116 Safari/537.36 Edg/83.0.478.56"
171.250.87.17 - - [28/Jun/2020:09:06:11 +0700] "GET /filemanager?type=image HTTP/1.1" 200 10924 "https://cafeweb.xyz/admin/post/create" "Mozilla/5.0 (Windows NT 10.0; Win64; x64) AppleWebKit/537.36 (KHTML, like Gecko) Chrome/83.0.4103.116 Safari/537.36 Edg/83.0.478.56"
171.250.87.17 - - [28/Jun/2020:09:06:12 +0700] "GET /filemanager/errors?working_dir=&type=image&_=1593309972492 HTTP/1.1" 200 33 "https://cafeweb.xyz/filemanager?type=image" "Mozilla/5.0 (Windows NT 10.0; Win64; x64) AppleWebKit/537.36 (KHTML, like Gecko) Chrome/83.0.4103.116 Safari/537.36 Edg/83.0.478.56"
171.250.87.17 - - [28/Jun/2020:09:06:12 +0700] "GET /filemanager/folders?working_dir=&type=image&_=1593309972491 HTTP/1.1" 200 502 "https://cafeweb.xyz/filemanager?type=image" "Mozilla/5.0 (Windows NT 10.0; Win64; x64) AppleWebKit/537.36 (KHTML, like Gecko) Chrome/83.0.4103.116 Safari/537.36 Edg/83.0.478.56"
171.250.87.17 - - [28/Jun/2020:09:06:12 +0700] "GET /filemanager/jsonitems?working_dir=&type=image&sort_type=alphabetic&page=1&_=1593309972493 HTTP/1.1" 200 333 "https://cafeweb.xyz/filemanager?type=image" "Mozilla/5.0 (Windows NT 10.0; Win64; x64) AppleWebKit/537.36 (KHTML, like Gecko) Chrome/83.0.4103.116 Safari/537.36 Edg/83.0.478.56"
171.250.87.17 - - [28/Jun/2020:09:06:21 +0700] "POST /laravel-filemanager/upload HTTP/1.1" 200 35 "https://cafeweb.xyz/filemanager?type=image" "Mozilla/5.0 (Windows NT 10.0; Win64; x64) AppleWebKit/537.36 (KHTML, like Gecko) Chrome/83.0.4103.116 Safari/537.36 Edg/83.0.478.56"
171.250.87.17 - - [28/Jun/2020:09:06:21 +0700] "GET /filemanager/folders?working_dir=%2F1&type=image&_=1593309972494 HTTP/1.1" 200 502 "https://cafeweb.xyz/filemanager?type=image" "Mozilla/5.0 (Windows NT 10.0; Win64; x64) AppleWebKit/537.36 (KHTML, like Gecko) Chrome/83.0.4103.116 Safari/537.36 Edg/83.0.478.56"
171.250.87.17 - - [28/Jun/2020:09:06:21 +0700] "GET /filemanager/jsonitems?working_dir=%2F1&type=image&sort_type=alphabetic&page=1&_=1593309972495 HTTP/1.1" 200 382 "https://cafeweb.xyz/filemanager?type=image" "Mozilla/5.0 (Windows NT 10.0; Win64; x64) AppleWebKit/537.36 (KHTML, like Gecko) Chrome/83.0.4103.116 Safari/537.36 Edg/83.0.478.56"
171.250.87.17 - - [28/Jun/2020:09:08:26 +0700] "GET /filemanager?type=image HTTP/1.1" 200 10924 "https://cafeweb.xyz/admin/post/create" "Mozilla/5.0 (Windows NT 10.0; Win64; x64) AppleWebKit/537.36 (KHTML, like Gecko) Chrome/83.0.4103.116 Safari/537.36 Edg/83.0.478.56"
171.250.87.17 - - [28/Jun/2020:09:08:27 +0700] "GET /filemanager/errors?working_dir=&type=image&_=1593310108073 HTTP/1.1" 200 33 "https://cafeweb.xyz/filemanager?type=image" "Mozilla/5.0 (Windows NT 10.0; Win64; x64) AppleWebKit/537.36 (KHTML, like Gecko) Chrome/83.0.4103.116 Safari/537.36 Edg/83.0.478.56"
171.250.87.17 - - [28/Jun/2020:09:08:27 +0700] "GET /filemanager/folders?working_dir=&type=image&_=1593310108072 HTTP/1.1" 200 502 "https://cafeweb.xyz/filemanager?type=image" "Mozilla/5.0 (Windows NT 10.0; Win64; x64) AppleWebKit/537.36 (KHTML, like Gecko) Chrome/83.0.4103.116 Safari/537.36 Edg/83.0.478.56"
171.250.87.17 - - [28/Jun/2020:09:08:28 +0700] "GET /filemanager/jsonitems?working_dir=&type=image&sort_type=alphabetic&page=1&_=1593310108074 HTTP/1.1" 200 382 "https://cafeweb.xyz/filemanager?type=image" "Mozilla/5.0 (Windows NT 10.0; Win64; x64) AppleWebKit/537.36 (KHTML, like Gecko) Chrome/83.0.4103.116 Safari/537.36 Edg/83.0.478.56"
171.250.87.17 - - [28/Jun/2020:09:08:36 +0700] "POST /laravel-filemanager/upload HTTP/1.1" 200 35 "https://cafeweb.xyz/filemanager?type=image" "Mozilla/5.0 (Windows NT 10.0; Win64; x64) AppleWebKit/537.36 (KHTML, like Gecko) Chrome/83.0.4103.116 Safari/537.36 Edg/83.0.478.56"
171.250.87.17 - - [28/Jun/2020:09:08:37 +0700] "GET /filemanager/folders?working_dir=%2F1&type=image&_=1593310108075 HTTP/1.1" 200 502 "https://cafeweb.xyz/filemanager?type=image" "Mozilla/5.0 (Windows NT 10.0; Win64; x64) AppleWebKit/537.36 (KHTML, like Gecko) Chrome/83.0.4103.116 Safari/537.36 Edg/83.0.478.56"
171.250.87.17 - - [28/Jun/2020:09:08:37 +0700] "GET /filemanager/jsonitems?working_dir=%2F1&type=image&sort_type=alphabetic&page=1&_=1593310108076 HTTP/1.1" 200 403 "https://cafeweb.xyz/filemanager?type=image" "Mozilla/5.0 (Windows NT 10.0; Win64; x64) AppleWebKit/537.36 (KHTML, like Gecko) Chrome/83.0.4103.116 Safari/537.36 Edg/83.0.478.56"
171.250.87.17 - - [28/Jun/2020:09:08:46 +0700] "GET /filemanager/delete?working_dir=%2F1&type=image&items%5B%5D=city.jpg&_=1593310108077 HTTP/1.1" 200 33 "https://cafeweb.xyz/filemanager?type=image" "Mozilla/5.0 (Windows NT 10.0; Win64; x64) AppleWebKit/537.36 (KHTML, like Gecko) Chrome/83.0.4103.116 Safari/537.36 Edg/83.0.478.56"
171.250.87.17 - - [28/Jun/2020:09:08:46 +0700] "GET /filemanager/folders?working_dir=%2F1&type=image&_=1593310108078 HTTP/1.1" 200 502 "https://cafeweb.xyz/filemanager?type=image" "Mozilla/5.0 (Windows NT 10.0; Win64; x64) AppleWebKit/537.36 (KHTML, like Gecko) Chrome/83.0.4103.116 Safari/537.36 Edg/83.0.478.56"
171.250.87.17 - - [28/Jun/2020:09:08:46 +0700] "GET /filemanager/jsonitems?working_dir=%2F1&type=image&sort_type=alphabetic&page=1&_=1593310108079 HTTP/1.1" 200 382 "https://cafeweb.xyz/filemanager?type=image" "Mozilla/5.0 (Windows NT 10.0; Win64; x64) AppleWebKit/537.36 (KHTML, like Gecko) Chrome/83.0.4103.116 Safari/537.36 Edg/83.0.478.56"
171.250.87.17 - - [28/Jun/2020:09:08:55 +0700] "GET /filemanager/delete?working_dir=%2F1&type=image&items%5B%5D=5840f18d-7525-44c4-b9ca-7ecda9fd7b79.png&_=1593310108080 HTTP/1.1" 200 33 "https://cafeweb.xyz/filemanager?type=image" "Mozilla/5.0 (Windows NT 10.0; Win64; x64) AppleWebKit/537.36 (KHTML, like Gecko) Chrome/83.0.4103.116 Safari/537.36 Edg/83.0.478.56"
171.250.87.17 - - [28/Jun/2020:09:08:55 +0700] "GET /filemanager/folders?working_dir=%2F1&type=image&_=1593310108081 HTTP/1.1" 200 502 "https://cafeweb.xyz/filemanager?type=image" "Mozilla/5.0 (Windows NT 10.0; Win64; x64) AppleWebKit/537.36 (KHTML, like Gecko) Chrome/83.0.4103.116 Safari/537.36 Edg/83.0.478.56"
171.250.87.17 - - [28/Jun/2020:09:08:56 +0700] "GET /filemanager/jsonitems?working_dir=%2F1&type=image&sort_type=alphabetic&page=1&_=1593310108082 HTTP/1.1" 200 333 "https://cafeweb.xyz/filemanager?type=image" "Mozilla/5.0 (Windows NT 10.0; Win64; x64) AppleWebKit/537.36 (KHTML, like Gecko) Chrome/83.0.4103.116 Safari/537.36 Edg/83.0.478.56"
171.250.87.17 - - [28/Jun/2020:09:10:27 +0700] "POST /laravel-filemanager/upload HTTP/1.1" 200 72 "https://cafeweb.xyz/filemanager?type=image" "Mozilla/5.0 (Windows NT 10.0; Win64; x64) AppleWebKit/537.36 (KHTML, like Gecko) Chrome/83.0.4103.116 Safari/537.36 Edg/83.0.478.56"
171.250.87.17 - - [28/Jun/2020:09:10:31 +0700] "POST /laravel-filemanager/upload HTTP/1.1" 200 35 "https://cafeweb.xyz/filemanager?type=image" "Mozilla/5.0 (Windows NT 10.0; Win64; x64) AppleWebKit/537.36 (KHTML, like Gecko) Chrome/83.0.4103.116 Safari/537.36 Edg/83.0.478.56"
171.250.87.17 - - [28/Jun/2020:09:10:31 +0700] "GET /filemanager/folders?working_dir=%2F1&type=image&_=1593310108083 HTTP/1.1" 200 502 "https://cafeweb.xyz/filemanager?type=image" "Mozilla/5.0 (Windows NT 10.0; Win64; x64) AppleWebKit/537.36 (KHTML, like Gecko) Chrome/83.0.4103.116 Safari/537.36 Edg/83.0.478.56"
171.250.87.17 - - [28/Jun/2020:09:10:32 +0700] "GET /filemanager/jsonitems?working_dir=%2F1&type=image&sort_type=alphabetic&page=1&_=1593310108084 HTTP/1.1" 200 358 "https://cafeweb.xyz/filemanager?type=image" "Mozilla/5.0 (Windows NT 10.0; Win64; x64) AppleWebKit/537.36 (KHTML, like Gecko) Chrome/83.0.4103.116 Safari/537.36 Edg/83.0.478.56"
171.250.87.17 - - [28/Jun/2020:09:10:51 +0700] "GET /category/laravel HTTP/1.1" 200 2887 "https://cafeweb.xyz/tag/tip" "Mozilla/5.0 (Windows NT 10.0; Win64; x64) AppleWebKit/537.36 (KHTML, like Gecko) Chrome/83.0.4103.116 Safari/537.36 Edg/83.0.478.56"
171.250.87.17 - - [28/Jun/2020:09:10:56 +0700] "GET / HTTP/1.1" 200 3032 "https://cafeweb.xyz/category/laravel" "Mozilla/5.0 (Windows NT 10.0; Win64; x64) AppleWebKit/537.36 (KHTML, like Gecko) Chrome/83.0.4103.116 Safari/537.36 Edg/83.0.478.56"
171.250.87.17 - - [28/Jun/2020:09:10:58 +0700] "GET /p/xu-ly-du-lieu-trong-laravel HTTP/1.1" 404 585 "https://cafeweb.xyz/" "Mozilla/5.0 (Windows NT 10.0; Win64; x64) AppleWebKit/537.36 (KHTML, like Gecko) Chrome/83.0.4103.116 Safari/537.36 Edg/83.0.478.56"
171.250.87.17 - - [28/Jun/2020:09:11:05 +0700] "GET /post/xu-ly-du-lieu-trong-laravel HTTP/1.1" 200 8515 "-" "Mozilla/5.0 (Windows NT 10.0; Win64; x64) AppleWebKit/537.36 (KHTML, like Gecko) Chrome/83.0.4103.116 Safari/537.36 Edg/83.0.478.56"
171.250.87.17 - - [28/Jun/2020:09:13:53 +0700] "GET /post/xu-ly-du-lieu-trong-laravel HTTP/1.1" 200 8515 "-" "Mozilla/5.0 (Windows NT 10.0; Win64; x64) AppleWebKit/537.36 (KHTML, like Gecko) Chrome/83.0.4103.116 Safari/537.36 Edg/83.0.478.56"
171.250.87.17 - - [28/Jun/2020:09:14:54 +0700] "GET /post/xu-ly-du-lieu-trong-laravel HTTP/1.1" 200 8509 "-" "Mozilla/5.0 (Windows NT 10.0; Win64; x64) AppleWebKit/537.36 (KHTML, like Gecko) Chrome/83.0.4103.116 Safari/537.36 Edg/83.0.478.56"
171.250.87.17 - - [28/Jun/2020:09:15:21 +0700] "GET /post/xu-ly-du-lieu-trong-laravel HTTP/1.1" 200 8518 "-" "Mozilla/5.0 (Windows NT 10.0; Win64; x64) AppleWebKit/537.36 (KHTML, like Gecko) Chrome/83.0.4103.116 Safari/537.36 Edg/83.0.478.56"
171.250.87.17 - - [28/Jun/2020:09:28:01 +0700] "GET / HTTP/1.1" 200 3042 "https://cafeweb.xyz/about" "Mozilla/5.0 (Windows NT 10.0; Win64; x64) AppleWebKit/537.36 (KHTML, like Gecko) Chrome/83.0.4103.116 Safari/537.36 Edg/83.0.478.56"
171.250.87.17 - - [28/Jun/2020:09:28:04 +0700] "GET /post/laravel-tip-of-the-day-instead-of-ordering-by-created-at-descasc-use-eloquent-methods-latestoldest HTTP/1.1" 500 624728 "https://cafeweb.xyz/" "Mozilla/5.0 (Windows NT 10.0; Win64; x64) AppleWebKit/537.36 (KHTML, like Gecko) Chrome/83.0.4103.116 Safari/537.36 Edg/83.0.478.56"
171.250.87.17 - - [28/Jun/2020:09:29:55 +0700] "GET /post/xu-ly-du-lieu-trong-laravel HTTP/1.1" 200 8735 "-" "Mozilla/5.0 (Windows NT 10.0; Win64; x64) AppleWebKit/537.36 (KHTML, like Gecko) Chrome/83.0.4103.116 Safari/537.36 Edg/83.0.478.56"
171.250.87.17 - - [28/Jun/2020:09:30:40 +0700] "GET /post/xu-ly-du-lieu-trong-laravel HTTP/1.1" 200 8745 "-" "Mozilla/5.0 (Windows NT 10.0; Win64; x64) AppleWebKit/537.36 (KHTML, like Gecko) Chrome/83.0.4103.116 Safari/537.36 Edg/83.0.478.56"
171.250.87.17 - - [28/Jun/2020:09:31:07 +0700] "GET /post/xu-ly-du-lieu-trong-laravel HTTP/1.1" 200 8741 "-" "Mozilla/5.0 (Windows NT 10.0; Win64; x64) AppleWebKit/537.36 (KHTML, like Gecko) Chrome/83.0.4103.116 Safari/537.36 Edg/83.0.478.56"
66.220.149.112 - - [28/Jun/2020:09:31:28 +0700] "GET /post/xu-ly-du-lieu-trong-laravel HTTP/1.1" 200 8742 "-" "facebookexternalhit/1.1 (+http://www.facebook.com/externalhit_uatext.php)"
66.220.149.3 - - [28/Jun/2020:09:31:29 +0700] "GET /post/xu-ly-du-lieu-trong-laravel HTTP/1.1" 200 8743 "-" "facebookexternalhit/1.1 (+http://www.facebook.com/externalhit_uatext.php)"
66.220.149.112 - - [28/Jun/2020:09:31:29 +0700] "GET /post/xu-ly-du-lieu-trong-laravel HTTP/1.1" 200 8740 "-" "facebookexternalhit/1.1 (+http://www.facebook.com/externalhit_uatext.php)"
66.220.149.2 - - [28/Jun/2020:09:31:31 +0700] "GET /post/xu-ly-du-lieu-trong-laravel HTTP/1.1" 200 8745 "-" "facebookexternalhit/1.1 (+http://www.facebook.com/externalhit_uatext.php)"
66.220.149.17 - - [28/Jun/2020:09:31:32 +0700] "GET /post/xu-ly-du-lieu-trong-laravel HTTP/1.1" 200 8746 "-" "facebookexternalhit/1.1 (+http://www.facebook.com/externalhit_uatext.php)"
69.171.251.20 - - [28/Jun/2020:09:31:51 +0700] "GET /post/xu-ly-du-lieu-trong-laravel?fbclid=IwAR0Du75Hmk_83QPgD7K2ozBn_52kTSsqW2I6S4-1eJKPXeMw9nsH10qzrcY HTTP/1.1" 200 8741 "-" "Mozilla/5.0 (iPhone; CPU iPhone OS 13_5_1 like Mac OS X) AppleWebKit/605.1.15 (KHTML, like Gecko) Mobile/15E148"
66.220.149.120 - - [28/Jun/2020:09:31:53 +0700] "GET / HTTP/1.1" 200 3043 "-" "facebookexternalhit/1.1 (+http://www.facebook.com/externalhit_uatext.php)"
66.220.149.2 - - [28/Jun/2020:09:31:59 +0700] "GET / HTTP/1.1" 200 3040 "-" "facebookexternalhit/1.1 (+http://www.facebook.com/externalhit_uatext.php)"
66.220.149.120 - - [28/Jun/2020:09:31:59 +0700] "GET / HTTP/1.1" 200 3042 "-" "facebookexternalhit/1.1 (+http://www.facebook.com/externalhit_uatext.php)"
66.220.149.32 - - [28/Jun/2020:09:32:00 +0700] "GET /post/xu-ly-du-lieu-trong-laravel HTTP/1.1" 200 8743 "-" "facebookexternalhit/1.1 (+http://www.facebook.com/externalhit_uatext.php)"
66.220.149.119 - - [28/Jun/2020:09:32:01 +0700] "GET / HTTP/1.1" 200 3047 "-" "facebookexternalhit/1.1 (+http://www.facebook.com/externalhit_uatext.php)"
171.250.87.17 - - [28/Jun/2020:09:32:04 +0700] "GET /post/xu-ly-du-lieu-trong-laravel?fbclid=IwAR1CJAXRbnPcFeW9J8hr0fqB-exkUdv-1aQowUk3itPCApfkReI3ujdZN0Y HTTP/1.1" 200 8743 "https://l.facebook.com/" "Mozilla/5.0 (Windows NT 10.0; Win64; x64) AppleWebKit/537.36 (KHTML, like Gecko) Chrome/83.0.4103.116 Safari/537.36 Edg/83.0.478.56"
66.220.149.22 - - [28/Jun/2020:09:32:05 +0700] "GET /post/xu-ly-du-lieu-trong-laravel HTTP/1.1" 200 8744 "-" "facebookexternalhit/1.1 (+http://www.facebook.com/externalhit_uatext.php)"
171.250.87.17 - - [28/Jun/2020:09:32:18 +0700] "GET / HTTP/1.1" 200 3042 "https://cafeweb.xyz/post/xu-ly-du-lieu-trong-laravel?fbclid=IwAR1CJAXRbnPcFeW9J8hr0fqB-exkUdv-1aQowUk3itPCApfkReI3ujdZN0Y" "Mozilla/5.0 (Windows NT 10.0; Win64; x64) AppleWebKit/537.36 (KHTML, like Gecko) Chrome/83.0.4103.116 Safari/537.36 Edg/83.0.478.56"
171.250.87.17 - - [28/Jun/2020:09:32:23 +0700] "GET /post/xu-ly-du-lieu-trong-laravel HTTP/1.1" 200 8746 "https://cafeweb.xyz/" "Mozilla/5.0 (Windows NT 10.0; Win64; x64) AppleWebKit/537.36 (KHTML, like Gecko) Chrome/83.0.4103.116 Safari/537.36 Edg/83.0.478.56"
171.250.87.17 - - [28/Jun/2020:09:33:17 +0700] "GET /about HTTP/1.1" 200 1973 "https://cafeweb.xyz/post/xu-ly-du-lieu-trong-laravel" "Mozilla/5.0 (Windows NT 10.0; Win64; x64) AppleWebKit/537.36 (KHTML, like Gecko) Chrome/83.0.4103.116 Safari/537.36 Edg/83.0.478.56"
171.250.87.17 - - [28/Jun/2020:09:33:20 +0700] "GET / HTTP/1.1" 200 3046 "https://cafeweb.xyz/about" "Mozilla/5.0 (Windows NT 10.0; Win64; x64) AppleWebKit/537.36 (KHTML, like Gecko) Chrome/83.0.4103.116 Safari/537.36 Edg/83.0.478.56"
171.250.87.17 - - [28/Jun/2020:09:33:24 +0700] "GET /category/advance HTTP/1.1" 200 2769 "https://cafeweb.xyz/" "Mozilla/5.0 (Windows NT 10.0; Win64; x64) AppleWebKit/537.36 (KHTML, like Gecko) Chrome/83.0.4103.116 Safari/537.36 Edg/83.0.478.56"
171.250.87.17 - - [28/Jun/2020:09:33:27 +0700] "GET /post/xu-ly-du-lieu-trong-laravel HTTP/1.1" 200 8741 "https://cafeweb.xyz/category/advance" "Mozilla/5.0 (Windows NT 10.0; Win64; x64) AppleWebKit/537.36 (KHTML, like Gecko) Chrome/83.0.4103.116 Safari/537.36 Edg/83.0.478.56"
171.250.87.17 - - [28/Jun/2020:09:33:31 +0700] "GET /post/xu-ly-du-lieu-trong-laravel? HTTP/1.1" 499 0 "https://cafeweb.xyz/post/xu-ly-du-lieu-trong-laravel" "Mozilla/5.0 (Windows NT 10.0; Win64; x64) AppleWebKit/537.36 (KHTML, like Gecko) Chrome/83.0.4103.116 Safari/537.36 Edg/83.0.478.56"
171.250.87.17 - - [28/Jun/2020:09:33:32 +0700] "GET /search/laravel HTTP/1.1" 200 2998 "https://cafeweb.xyz/post/xu-ly-du-lieu-trong-laravel" "Mozilla/5.0 (Windows NT 10.0; Win64; x64) AppleWebKit/537.36 (KHTML, like Gecko) Chrome/83.0.4103.116 Safari/537.36 Edg/83.0.478.56"
171.250.87.17 - - [28/Jun/2020:09:33:37 +0700] "GET /search/laravel? HTTP/1.1" 499 0 "https://cafeweb.xyz/search/laravel" "Mozilla/5.0 (Windows NT 10.0; Win64; x64) AppleWebKit/537.36 (KHTML, like Gecko) Chrome/83.0.4103.116 Safari/537.36 Edg/83.0.478.56"
171.250.87.17 - - [28/Jun/2020:09:33:37 +0700] "GET /search/hello HTTP/1.1" 200 2406 "https://cafeweb.xyz/search/laravel" "Mozilla/5.0 (Windows NT 10.0; Win64; x64) AppleWebKit/537.36 (KHTML, like Gecko) Chrome/83.0.4103.116 Safari/537.36 Edg/83.0.478.56"
171.250.87.17 - - [28/Jun/2020:09:33:42 +0700] "GET /search/hello? HTTP/1.1" 499 0 "https://cafeweb.xyz/search/hello" "Mozilla/5.0 (Windows NT 10.0; Win64; x64) AppleWebKit/537.36 (KHTML, like Gecko) Chrome/83.0.4103.116 Safari/537.36 Edg/83.0.478.56"
171.250.87.17 - - [28/Jun/2020:09:33:42 +0700] "GET /search/example HTTP/1.1" 200 2403 "https://cafeweb.xyz/search/hello" "Mozilla/5.0 (Windows NT 10.0; Win64; x64) AppleWebKit/537.36 (KHTML, like Gecko) Chrome/83.0.4103.116 Safari/537.36 Edg/83.0.478.56"
171.250.87.17 - - [28/Jun/2020:09:33:45 +0700] "GET /search/example? HTTP/1.1" 499 0 "https://cafeweb.xyz/search/example" "Mozilla/5.0 (Windows NT 10.0; Win64; x64) AppleWebKit/537.36 (KHTML, like Gecko) Chrome/83.0.4103.116 Safari/537.36 Edg/83.0.478.56"
171.250.87.17 - - [28/Jun/2020:09:33:45 +0700] "GET /search/tip HTTP/1.1" 200 2866 "https://cafeweb.xyz/search/example" "Mozilla/5.0 (Windows NT 10.0; Win64; x64) AppleWebKit/537.36 (KHTML, like Gecko) Chrome/83.0.4103.116 Safari/537.36 Edg/83.0.478.56"
171.250.87.17 - - [28/Jun/2020:09:33:48 +0700] "GET /search/tip? HTTP/1.1" 499 0 "https://cafeweb.xyz/search/tip" "Mozilla/5.0 (Windows NT 10.0; Win64; x64) AppleWebKit/537.36 (KHTML, like Gecko) Chrome/83.0.4103.116 Safari/537.36 Edg/83.0.478.56"
171.250.87.17 - - [28/Jun/2020:09:33:49 +0700] "GET /search/request HTTP/1.1" 200 2403 "https://cafeweb.xyz/search/tip" "Mozilla/5.0 (Windows NT 10.0; Win64; x64) AppleWebKit/537.36 (KHTML, like Gecko) Chrome/83.0.4103.116 Safari/537.36 Edg/83.0.478.56"
171.250.87.17 - - [28/Jun/2020:09:33:52 +0700] "GET /category/laravel HTTP/1.1" 200 2897 "https://cafeweb.xyz/search/request" "Mozilla/5.0 (Windows NT 10.0; Win64; x64) AppleWebKit/537.36 (KHTML, like Gecko) Chrome/83.0.4103.116 Safari/537.36 Edg/83.0.478.56"
171.250.87.17 - - [28/Jun/2020:09:33:55 +0700] "GET /category/advance HTTP/1.1" 200 2766 "https://cafeweb.xyz/category/laravel" "Mozilla/5.0 (Windows NT 10.0; Win64; x64) AppleWebKit/537.36 (KHTML, like Gecko) Chrome/83.0.4103.116 Safari/537.36 Edg/83.0.478.56"
171.250.87.17 - - [28/Jun/2020:09:34:01 +0700] "GET /category/single.html HTTP/1.1" 500 599357 "https://cafeweb.xyz/category/advance" "Mozilla/5.0 (Windows NT 10.0; Win64; x64) AppleWebKit/537.36 (KHTML, like Gecko) Chrome/83.0.4103.116 Safari/537.36 Edg/83.0.478.56"
171.250.87.17 - - [28/Jun/2020:09:34:57 +0700] "GET /category/advance HTTP/1.1" 200 2767 "https://cafeweb.xyz/category/laravel" "Mozilla/5.0 (Windows NT 10.0; Win64; x64) AppleWebKit/537.36 (KHTML, like Gecko) Chrome/83.0.4103.116 Safari/537.36 Edg/83.0.478.56"
171.250.87.17 - - [28/Jun/2020:09:34:58 +0700] "GET /category/p/xu-ly-du-lieu-trong-laravel HTTP/1.1" 404 585 "https://cafeweb.xyz/category/advance" "Mozilla/5.0 (Windows NT 10.0; Win64; x64) AppleWebKit/537.36 (KHTML, like Gecko) Chrome/83.0.4103.116 Safari/537.36 Edg/83.0.478.56"
171.250.87.17 - - [28/Jun/2020:09:35:51 +0700] "GET /category/advance HTTP/1.1" 200 2759 "https://cafeweb.xyz/category/laravel" "Mozilla/5.0 (Windows NT 10.0; Win64; x64) AppleWebKit/537.36 (KHTML, like Gecko) Chrome/83.0.4103.116 Safari/537.36 Edg/83.0.478.56"
171.250.87.17 - - [28/Jun/2020:09:36:07 +0700] "GET /category/advance HTTP/1.1" 200 2767 "https://cafeweb.xyz/category/laravel" "Mozilla/5.0 (Windows NT 10.0; Win64; x64) AppleWebKit/537.36 (KHTML, like Gecko) Chrome/83.0.4103.116 Safari/537.36 Edg/83.0.478.56"
171.250.87.17 - - [28/Jun/2020:09:36:09 +0700] "GET /category/p/xu-ly-du-lieu-trong-laravel HTTP/1.1" 404 585 "https://cafeweb.xyz/category/advance" "Mozilla/5.0 (Windows NT 10.0; Win64; x64) AppleWebKit/537.36 (KHTML, like Gecko) Chrome/83.0.4103.116 Safari/537.36 Edg/83.0.478.56"
171.250.87.17 - - [28/Jun/2020:09:36:12 +0700] "GET /category/p/xu-ly-du-lieu-trong-laravel HTTP/1.1" 404 585 "https://cafeweb.xyz/category/advance" "Mozilla/5.0 (Windows NT 10.0; Win64; x64) AppleWebKit/537.36 (KHTML, like Gecko) Chrome/83.0.4103.116 Safari/537.36 Edg/83.0.478.56"
171.250.87.17 - - [28/Jun/2020:09:36:14 +0700] "GET /category/advance HTTP/1.1" 200 2768 "https://cafeweb.xyz/category/laravel" "Mozilla/5.0 (Windows NT 10.0; Win64; x64) AppleWebKit/537.36 (KHTML, like Gecko) Chrome/83.0.4103.116 Safari/537.36 Edg/83.0.478.56"
171.250.87.17 - - [28/Jun/2020:09:36:17 +0700] "GET /category/advance HTTP/1.1" 200 2766 "https://cafeweb.xyz/category/laravel" "Mozilla/5.0 (Windows NT 10.0; Win64; x64) AppleWebKit/537.36 (KHTML, like Gecko) Chrome/83.0.4103.116 Safari/537.36 Edg/83.0.478.56"
171.250.87.17 - - [28/Jun/2020:09:36:21 +0700] "GET /post/xu-ly-du-lieu-trong-laravel HTTP/1.1" 200 8743 "https://cafeweb.xyz/category/advance" "Mozilla/5.0 (Windows NT 10.0; Win64; x64) AppleWebKit/537.36 (KHTML, like Gecko) Chrome/83.0.4103.116 Safari/537.36 Edg/83.0.478.56"
173.252.95.2 - - [28/Jun/2020:09:36:25 +0700] "GET /post/xu-ly-du-lieu-trong-laravel?fbclid=IwAR1SVbTa0HnbnyTWgy9sIzf60I6PWD9HbswiYdh4cwhgBgYfAXMAZaEysOU HTTP/1.1" 200 8747 "-" "Android"
171.250.87.17 - - [28/Jun/2020:09:36:41 +0700] "GET /category/advance HTTP/1.1" 200 2772 "https://cafeweb.xyz/category/laravel" "Mozilla/5.0 (Windows NT 10.0; Win64; x64) AppleWebKit/537.36 (KHTML, like Gecko) Chrome/83.0.4103.116 Safari/537.36 Edg/83.0.478.56"
171.250.87.17 - - [28/Jun/2020:09:36:43 +0700] "GET /post/xu-ly-du-lieu-trong-laravel HTTP/1.1" 200 8742 "https://cafeweb.xyz/category/advance" "Mozilla/5.0 (Windows NT 10.0; Win64; x64) AppleWebKit/537.36 (KHTML, like Gecko) Chrome/83.0.4103.116 Safari/537.36 Edg/83.0.478.56"
171.250.87.17 - - [28/Jun/2020:09:37:51 +0700] "GET /post/laravel-tip-of-the-day-instead-of-ordering-by-created-at-descasc-use-eloquent-methods-latestoldest HTTP/1.1" 200 2732 "https://cafeweb.xyz/category/advance" "Mozilla/5.0 (Windows NT 10.0; Win64; x64) AppleWebKit/537.36 (KHTML, like Gecko) Chrome/83.0.4103.116 Safari/537.36 Edg/83.0.478.56"
171.250.87.17 - - [28/Jun/2020:09:37:54 +0700] "GET /post/laravel-tip-of-the-day-from-laravel-7-in-migrations HTTP/1.1" 200 2822 "https://cafeweb.xyz/post/laravel-tip-of-the-day-instead-of-ordering-by-created-at-descasc-use-eloquent-methods-latestoldest" "Mozilla/5.0 (Windows NT 10.0; Win64; x64) AppleWebKit/537.36 (KHTML, like Gecko) Chrome/83.0.4103.116 Safari/537.36 Edg/83.0.478.56"
171.250.87.17 - - [28/Jun/2020:09:37:57 +0700] "GET /post/laravel-tip-of-the-day-from-laravel-7-in-migrations? HTTP/1.1" 499 0 "https://cafeweb.xyz/post/laravel-tip-of-the-day-from-laravel-7-in-migrations" "Mozilla/5.0 (Windows NT 10.0; Win64; x64) AppleWebKit/537.36 (KHTML, like Gecko) Chrome/83.0.4103.116 Safari/537.36 Edg/83.0.478.56"
171.250.87.17 - - [28/Jun/2020:09:37:57 +0700] "GET /search/route HTTP/1.1" 200 2690 "https://cafeweb.xyz/post/laravel-tip-of-the-day-from-laravel-7-in-migrations" "Mozilla/5.0 (Windows NT 10.0; Win64; x64) AppleWebKit/537.36 (KHTML, like Gecko) Chrome/83.0.4103.116 Safari/537.36 Edg/83.0.478.56"
171.250.87.17 - - [28/Jun/2020:09:37:59 +0700] "GET /post/laravel-tip-of-the-day-if-you-want-to-specify-additional-logic-for-not-found-routes-instead-of-just-throwing HTTP/1.1" 200 2963 "https://cafeweb.xyz/search/route" "Mozilla/5.0 (Windows NT 10.0; Win64; x64) AppleWebKit/537.36 (KHTML, like Gecko) Chrome/83.0.4103.116 Safari/537.36 Edg/83.0.478.56"
171.250.87.17 - - [28/Jun/2020:09:39:07 +0700] "GET /post/xu-ly-du-lieu-trong-laravelsdaf HTTP/1.1" 500 611915 "-" "Mozilla/5.0 (Windows NT 10.0; Win64; x64) AppleWebKit/537.36 (KHTML, like Gecko) Chrome/83.0.4103.116 Safari/537.36 Edg/83.0.478.56"
171.250.87.17 - - [28/Jun/2020:09:39:17 +0700] "GET /lksjfklas HTTP/1.1" 200 2487 "-" "Mozilla/5.0 (Windows NT 10.0; Win64; x64) AppleWebKit/537.36 (KHTML, like Gecko) Chrome/83.0.4103.116 Safari/537.36 Edg/83.0.478.56"
171.250.87.17 - - [28/Jun/2020:09:40:02 +0700] "GET /alksdjf HTTP/1.1" 200 2480 "-" "Mozilla/5.0 (Windows NT 10.0; Win64; x64) AppleWebKit/537.36 (KHTML, like Gecko) Chrome/83.0.4103.116 Safari/537.36 Edg/83.0.478.56"
171.250.87.17 - - [28/Jun/2020:09:40:10 +0700] "GET /category/advance HTTP/1.1" 200 2768 "https://cafeweb.xyz/alksdjf" "Mozilla/5.0 (Windows NT 10.0; Win64; x64) AppleWebKit/537.36 (KHTML, like Gecko) Chrome/83.0.4103.116 Safari/537.36 Edg/83.0.478.56"
171.250.87.17 - - [28/Jun/2020:09:40:12 +0700] "GET /about HTTP/1.1" 200 1973 "https://cafeweb.xyz/category/advance" "Mozilla/5.0 (Windows NT 10.0; Win64; x64) AppleWebKit/537.36 (KHTML, like Gecko) Chrome/83.0.4103.116 Safari/537.36 Edg/83.0.478.56"
171.250.87.17 - - [28/Jun/2020:09:40:14 +0700] "GET / HTTP/1.1" 200 3052 "https://cafeweb.xyz/about" "Mozilla/5.0 (Windows NT 10.0; Win64; x64) AppleWebKit/537.36 (KHTML, like Gecko) Chrome/83.0.4103.116 Safari/537.36 Edg/83.0.478.56"
171.250.87.17 - - [28/Jun/2020:09:41:19 +0700] "GET /post/xu-ly-du-lieu-trong-laravel HTTP/1.1" 200 8744 "-" "Mozilla/5.0 (Windows NT 10.0; Win64; x64) AppleWebKit/537.36 (KHTML, like Gecko) Chrome/83.0.4103.116 Safari/537.36 Edg/83.0.478.56"
171.250.87.17 - - [28/Jun/2020:09:41:21 +0700] "GET / HTTP/1.1" 200 3049 "https://cafeweb.xyz/about" "Mozilla/5.0 (Windows NT 10.0; Win64; x64) AppleWebKit/537.36 (KHTML, like Gecko) Chrome/83.0.4103.116 Safari/537.36 Edg/83.0.478.56"
171.250.87.17 - - [28/Jun/2020:09:41:30 +0700] "GET /p/laravel-tip-of-the-day-from-laravel-7-in-migrations HTTP/1.1" 200 2485 "https://cafeweb.xyz/" "Mozilla/5.0 (Windows NT 10.0; Win64; x64) AppleWebKit/537.36 (KHTML, like Gecko) Chrome/83.0.4103.116 Safari/537.36 Edg/83.0.478.56"
171.250.87.17 - - [28/Jun/2020:09:41:34 +0700] "GET /about HTTP/1.1" 200 1973 "https://cafeweb.xyz/" "Mozilla/5.0 (Windows NT 10.0; Win64; x64) AppleWebKit/537.36 (KHTML, like Gecko) Chrome/83.0.4103.116 Safari/537.36 Edg/83.0.478.56"
171.250.87.17 - - [28/Jun/2020:09:41:36 +0700] "GET / HTTP/1.1" 200 3049 "https://cafeweb.xyz/about" "Mozilla/5.0 (Windows NT 10.0; Win64; x64) AppleWebKit/537.36 (KHTML, like Gecko) Chrome/83.0.4103.116 Safari/537.36 Edg/83.0.478.56"
171.250.87.17 - - [28/Jun/2020:09:41:39 +0700] "GET /category/tips HTTP/1.1" 200 2880 "https://cafeweb.xyz/" "Mozilla/5.0 (Windows NT 10.0; Win64; x64) AppleWebKit/537.36 (KHTML, like Gecko) Chrome/83.0.4103.116 Safari/537.36 Edg/83.0.478.56"
171.250.87.17 - - [28/Jun/2020:09:41:41 +0700] "GET /post/laravel-tip-of-the-day-extra-conditions-on-relationships-query HTTP/1.1" 200 2738 "https://cafeweb.xyz/category/tips" "Mozilla/5.0 (Windows NT 10.0; Win64; x64) AppleWebKit/537.36 (KHTML, like Gecko) Chrome/83.0.4103.116 Safari/537.36 Edg/83.0.478.56"
171.250.87.17 - - [28/Jun/2020:09:41:47 +0700] "GET /post/laravel-tip-of-the-day-extra-conditions-on-relationships-query HTTP/1.1" 200 2740 "https://cafeweb.xyz/post/laravel-tip-of-the-day-extra-conditions-on-relationships-query" "Mozilla/5.0 (Windows NT 10.0; Win64; x64) AppleWebKit/537.36 (KHTML, like Gecko) Chrome/83.0.4103.116 Safari/537.36 Edg/83.0.478.56"
171.250.87.17 - - [28/Jun/2020:09:41:49 +0700] "GET / HTTP/1.1" 200 3048 "https://cafeweb.xyz/post/laravel-tip-of-the-day-extra-conditions-on-relationships-query" "Mozilla/5.0 (Windows NT 10.0; Win64; x64) AppleWebKit/537.36 (KHTML, like Gecko) Chrome/83.0.4103.116 Safari/537.36 Edg/83.0.478.56"
66.249.82.81 - - [28/Jun/2020:09:42:08 +0700] "GET / HTTP/1.1" 200 3055 "-" "Mozilla/5.0 (Linux; Android 7.0; Moto G (4)) AppleWebKit/537.36 (KHTML, like Gecko) Chrome/84.0.4143.7 Mobile Safari/537.36 Chrome-Lighthouse"
66.249.82.77 - - [28/Jun/2020:09:42:09 +0700] "GET / HTTP/1.1" 200 3055 "-" "Mozilla/5.0 (Macintosh; Intel Mac OS X 10_14_6) AppleWebKit/537.36 (KHTML, like Gecko) Chrome/84.0.4143.7 Safari/537.36 Chrome-Lighthouse"
66.249.82.77 - - [28/Jun/2020:09:42:09 +0700] "GET /assets/front/fonts/ionicons/fonts/ionicons580c.woff2?v=4.0.0-19 HTTP/1.1" 200 50592 "https://cafeweb.xyz/assets/front/css/ionicons.min.css" "Mozilla/5.0 (Linux; Android 7.0; Moto G (4)) AppleWebKit/537.36 (KHTML, like Gecko) Chrome/84.0.4143.7 Mobile Safari/537.36 Chrome-Lighthouse"
66.249.82.81 - - [28/Jun/2020:09:42:09 +0700] "GET /assets/front/fonts/ionicons/fonts/ionicons580c.woff2?v=4.0.0-19 HTTP/1.1" 200 50592 "https://cafeweb.xyz/assets/front/css/ionicons.min.css" "Mozilla/5.0 (Macintosh; Intel Mac OS X 10_14_6) AppleWebKit/537.36 (KHTML, like Gecko) Chrome/84.0.4143.7 Safari/537.36 Chrome-Lighthouse"
66.249.82.79 - - [28/Jun/2020:09:42:11 +0700] "GET / HTTP/1.1" 200 3051 "-" "Mozilla/5.0 (Linux; Android 7.0; Moto G (4)) AppleWebKit/537.36 (KHTML, like Gecko) Chrome/84.0.4143.7 Mobile Safari/537.36 Chrome-Lighthouse"
66.249.82.77 - - [28/Jun/2020:09:42:11 +0700] "GET / HTTP/1.1" 200 3055 "-" "Mozilla/5.0 (Macintosh; Intel Mac OS X 10_14_6) AppleWebKit/537.36 (KHTML, like Gecko) Chrome/84.0.4143.7 Safari/537.36 Chrome-Lighthouse"
66.249.82.81 - - [28/Jun/2020:09:42:12 +0700] "GET /asset-manifest.json HTTP/1.1" 200 2488 "https://cafeweb.xyz/" "Mozilla/5.0 (Linux; Android 7.0; Moto G (4)) AppleWebKit/537.36 (KHTML, like Gecko) Chrome/84.0.4143.7 Mobile Safari/537.36 Chrome-Lighthouse"
66.249.82.77 - - [28/Jun/2020:09:42:12 +0700] "GET /asset-manifest.json HTTP/1.1" 200 2487 "https://cafeweb.xyz/" "Mozilla/5.0 (Macintosh; Intel Mac OS X 10_14_6) AppleWebKit/537.36 (KHTML, like Gecko) Chrome/84.0.4143.7 Safari/537.36 Chrome-Lighthouse"
171.250.87.17 - - [28/Jun/2020:09:44:25 +0700] "GET / HTTP/1.1" 200 2946 "-" "Mozilla/5.0 (Windows NT 10.0; Win64; x64) AppleWebKit/537.36 (KHTML, like Gecko) Chrome/83.0.4103.116 Safari/537.36 Edg/83.0.478.56"
171.250.87.17 - - [28/Jun/2020:09:44:27 +0700] "GET /assets/front/fonts/ionicons/fonts/ionicons580c.woff2?v=4.0.0-19 HTTP/1.1" 200 50592 "https://cafeweb.xyz/assets/front/css/ionicons.min.css" "Mozilla/5.0 (Windows NT 10.0; Win64; x64) AppleWebKit/537.36 (KHTML, like Gecko) Chrome/83.0.4103.116 Safari/537.36 Edg/83.0.478.56"
171.250.87.17 - - [28/Jun/2020:09:44:30 +0700] "GET /post/xu-ly-du-lieu-trong-laravel HTTP/1.1" 200 8618 "https://cafeweb.xyz/" "Mozilla/5.0 (Windows NT 10.0; Win64; x64) AppleWebKit/537.36 (KHTML, like Gecko) Chrome/83.0.4103.116 Safari/537.36 Edg/83.0.478.56"
171.250.87.17 - - [28/Jun/2020:09:44:43 +0700] "GET / HTTP/1.1" 200 2943 "https://cafeweb.xyz/post/xu-ly-du-lieu-trong-laravel" "Mozilla/5.0 (Windows NT 10.0; Win64; x64) AppleWebKit/537.36 (KHTML, like Gecko) Chrome/83.0.4103.116 Safari/537.36 Edg/83.0.478.56"
66.249.82.81 - - [28/Jun/2020:09:44:52 +0700] "GET / HTTP/1.1" 200 2948 "-" "Mozilla/5.0 (Linux; Android 7.0; Moto G (4)) AppleWebKit/537.36 (KHTML, like Gecko) Chrome/84.0.4143.7 Mobile Safari/537.36 Chrome-Lighthouse"
66.249.82.81 - - [28/Jun/2020:09:44:52 +0700] "GET / HTTP/1.1" 200 2946 "-" "Mozilla/5.0 (Macintosh; Intel Mac OS X 10_14_6) AppleWebKit/537.36 (KHTML, like Gecko) Chrome/84.0.4143.7 Safari/537.36 Chrome-Lighthouse"
66.249.82.81 - - [28/Jun/2020:09:44:52 +0700] "GET /assets/front/fonts/ionicons/fonts/ionicons580c.woff2?v=4.0.0-19 HTTP/1.1" 200 50592 "https://cafeweb.xyz/assets/front/css/ionicons.min.css" "Mozilla/5.0 (Linux; Android 7.0; Moto G (4)) AppleWebKit/537.36 (KHTML, like Gecko) Chrome/84.0.4143.7 Mobile Safari/537.36 Chrome-Lighthouse"
66.249.82.81 - - [28/Jun/2020:09:44:52 +0700] "GET /assets/front/fonts/ionicons/fonts/ionicons580c.woff2?v=4.0.0-19 HTTP/1.1" 200 50592 "https://cafeweb.xyz/assets/front/css/ionicons.min.css" "Mozilla/5.0 (Macintosh; Intel Mac OS X 10_14_6) AppleWebKit/537.36 (KHTML, like Gecko) Chrome/84.0.4143.7 Safari/537.36 Chrome-Lighthouse"
66.249.82.79 - - [28/Jun/2020:09:44:54 +0700] "GET / HTTP/1.1" 200 2940 "-" "Mozilla/5.0 (Linux; Android 7.0; Moto G (4)) AppleWebKit/537.36 (KHTML, like Gecko) Chrome/84.0.4143.7 Mobile Safari/537.36 Chrome-Lighthouse"
66.249.82.79 - - [28/Jun/2020:09:44:54 +0700] "GET / HTTP/1.1" 200 2944 "-" "Mozilla/5.0 (Macintosh; Intel Mac OS X 10_14_6) AppleWebKit/537.36 (KHTML, like Gecko) Chrome/84.0.4143.7 Safari/537.36 Chrome-Lighthouse"
66.249.82.81 - - [28/Jun/2020:09:44:55 +0700] "GET /asset-manifest.json HTTP/1.1" 200 2387 "https://cafeweb.xyz/" "Mozilla/5.0 (Linux; Android 7.0; Moto G (4)) AppleWebKit/537.36 (KHTML, like Gecko) Chrome/84.0.4143.7 Mobile Safari/537.36 Chrome-Lighthouse"
66.249.82.77 - - [28/Jun/2020:09:44:55 +0700] "GET /asset-manifest.json HTTP/1.1" 200 2385 "https://cafeweb.xyz/" "Mozilla/5.0 (Macintosh; Intel Mac OS X 10_14_6) AppleWebKit/537.36 (KHTML, like Gecko) Chrome/84.0.4143.7 Safari/537.36 Chrome-Lighthouse"
171.250.87.17 - - [28/Jun/2020:09:44:58 +0700] "GET /post/xu-ly-du-lieu-trong-laravel HTTP/1.1" 200 8621 "https://cafeweb.xyz/" "Mozilla/5.0 (Windows NT 10.0; Win64; x64) AppleWebKit/537.36 (KHTML, like Gecko) Chrome/83.0.4103.116 Safari/537.36 Edg/83.0.478.56"
171.250.87.17 - - [28/Jun/2020:09:45:45 +0700] "GET / HTTP/1.1" 200 2932 "https://cafeweb.xyz/" "Mozilla/5.0 (Windows NT 10.0; Win64; x64) AppleWebKit/537.36 (KHTML, like Gecko) Chrome/83.0.4103.116 Safari/537.36 Edg/83.0.478.56"
66.249.82.79 - - [28/Jun/2020:09:45:52 +0700] "GET / HTTP/1.1" 200 2940 "-" "Mozilla/5.0 (Macintosh; Intel Mac OS X 10_14_6) AppleWebKit/537.36 (KHTML, like Gecko) Chrome/84.0.4143.7 Safari/537.36 Chrome-Lighthouse"
66.249.82.81 - - [28/Jun/2020:09:45:52 +0700] "GET / HTTP/1.1" 200 2936 "-" "Mozilla/5.0 (Linux; Android 7.0; Moto G (4)) AppleWebKit/537.36 (KHTML, like Gecko) Chrome/84.0.4143.7 Mobile Safari/537.36 Chrome-Lighthouse"
66.249.82.81 - - [28/Jun/2020:09:45:54 +0700] "GET / HTTP/1.1" 200 2937 "-" "Mozilla/5.0 (Macintosh; Intel Mac OS X 10_14_6) AppleWebKit/537.36 (KHTML, like Gecko) Chrome/84.0.4143.7 Safari/537.36 Chrome-Lighthouse"
66.249.82.77 - - [28/Jun/2020:09:45:54 +0700] "GET / HTTP/1.1" 200 2942 "-" "Mozilla/5.0 (Linux; Android 7.0; Moto G (4)) AppleWebKit/537.36 (KHTML, like Gecko) Chrome/84.0.4143.7 Mobile Safari/537.36 Chrome-Lighthouse"
66.249.82.79 - - [28/Jun/2020:09:45:55 +0700] "GET /asset-manifest.json HTTP/1.1" 200 2382 "https://cafeweb.xyz/" "Mozilla/5.0 (Macintosh; Intel Mac OS X 10_14_6) AppleWebKit/537.36 (KHTML, like Gecko) Chrome/84.0.4143.7 Safari/537.36 Chrome-Lighthouse"
66.249.82.77 - - [28/Jun/2020:09:45:55 +0700] "GET /asset-manifest.json HTTP/1.1" 200 2383 "https://cafeweb.xyz/" "Mozilla/5.0 (Linux; Android 7.0; Moto G (4)) AppleWebKit/537.36 (KHTML, like Gecko) Chrome/84.0.4143.7 Mobile Safari/537.36 Chrome-Lighthouse"
171.250.87.17 - - [28/Jun/2020:09:46:55 +0700] "GET / HTTP/1.1" 200 2936 "https://cafeweb.xyz/" "Mozilla/5.0 (Windows NT 10.0; Win64; x64) AppleWebKit/537.36 (KHTML, like Gecko) Chrome/83.0.4103.116 Safari/537.36 Edg/83.0.478.56"
171.250.87.17 - - [28/Jun/2020:09:46:59 +0700] "GET /post/laravel-tip-of-the-day-extra-conditions-on-relationships-query HTTP/1.1" 200 2621 "https://cafeweb.xyz/" "Mozilla/5.0 (Windows NT 10.0; Win64; x64) AppleWebKit/537.36 (KHTML, like Gecko) Chrome/83.0.4103.116 Safari/537.36 Edg/83.0.478.56"
171.250.87.17 - - [28/Jun/2020:09:47:04 +0700] "GET /p/xu-ly-du-lieu-trong-laravel HTTP/1.1" 200 2373 "https://cafeweb.xyz/" "Mozilla/5.0 (Windows NT 10.0; Win64; x64) AppleWebKit/537.36 (KHTML, like Gecko) Chrome/83.0.4103.116 Safari/537.36 Edg/83.0.478.56"
171.250.87.17 - - [28/Jun/2020:09:47:07 +0700] "GET /category/tips HTTP/1.1" 200 2763 "https://cafeweb.xyz/p/xu-ly-du-lieu-trong-laravel" "Mozilla/5.0 (Windows NT 10.0; Win64; x64) AppleWebKit/537.36 (KHTML, like Gecko) Chrome/83.0.4103.116 Safari/537.36 Edg/83.0.478.56"
171.250.87.17 - - [28/Jun/2020:09:47:09 +0700] "GET /post/laravel-tip-of-the-day-instead-of-ordering-by-created-at-descasc-use-eloquent-methods-latestoldest HTTP/1.1" 200 2622 "https://cafeweb.xyz/category/tips" "Mozilla/5.0 (Windows NT 10.0; Win64; x64) AppleWebKit/537.36 (KHTML, like Gecko) Chrome/83.0.4103.116 Safari/537.36 Edg/83.0.478.56"
66.249.82.81 - - [28/Jun/2020:09:47:43 +0700] "GET / HTTP/1.1" 200 2937 "-" "Mozilla/5.0 (Macintosh; Intel Mac OS X 10_14_6) AppleWebKit/537.36 (KHTML, like Gecko) Chrome/84.0.4143.7 Safari/537.36 Chrome-Lighthouse"
66.249.82.79 - - [28/Jun/2020:09:47:43 +0700] "GET / HTTP/1.1" 200 2936 "-" "Mozilla/5.0 (Linux; Android 7.0; Moto G (4)) AppleWebKit/537.36 (KHTML, like Gecko) Chrome/84.0.4143.7 Mobile Safari/537.36 Chrome-Lighthouse"
66.249.82.77 - - [28/Jun/2020:09:47:45 +0700] "GET / HTTP/1.1" 200 2937 "-" "Mozilla/5.0 (Macintosh; Intel Mac OS X 10_14_6) AppleWebKit/537.36 (KHTML, like Gecko) Chrome/84.0.4143.7 Safari/537.36 Chrome-Lighthouse"
66.249.82.79 - - [28/Jun/2020:09:47:45 +0700] "GET / HTTP/1.1" 200 2934 "-" "Mozilla/5.0 (Linux; Android 7.0; Moto G (4)) AppleWebKit/537.36 (KHTML, like Gecko) Chrome/84.0.4143.7 Mobile Safari/537.36 Chrome-Lighthouse"
66.249.82.77 - - [28/Jun/2020:09:47:46 +0700] "GET /asset-manifest.json HTTP/1.1" 200 2377 "https://cafeweb.xyz/" "Mozilla/5.0 (Macintosh; Intel Mac OS X 10_14_6) AppleWebKit/537.36 (KHTML, like Gecko) Chrome/84.0.4143.7 Safari/537.36 Chrome-Lighthouse"
66.249.82.79 - - [28/Jun/2020:09:47:46 +0700] "GET /asset-manifest.json HTTP/1.1" 200 2375 "https://cafeweb.xyz/" "Mozilla/5.0 (Linux; Android 7.0; Moto G (4)) AppleWebKit/537.36 (KHTML, like Gecko) Chrome/84.0.4143.7 Mobile Safari/537.36 Chrome-Lighthouse"
171.250.87.17 - - [28/Jun/2020:09:49:39 +0700] "GET /assets/front/css/aos.css.map HTTP/1.1" 200 2367 "-" "Mozilla/5.0 (iPhone; CPU iPhone OS 13_2_3 like Mac OS X) AppleWebKit/605.1.15 (KHTML, like Gecko) Version/13.0.3 Mobile/15E148 Safari/604.1"
171.250.87.17 - - [28/Jun/2020:09:49:39 +0700] "GET /assets/front/js/popper.min.js.map HTTP/1.1" 200 2367 "-" "Mozilla/5.0 (iPhone; CPU iPhone OS 13_2_3 like Mac OS X) AppleWebKit/605.1.15 (KHTML, like Gecko) Version/13.0.3 Mobile/15E148 Safari/604.1"
171.250.87.17 - - [28/Jun/2020:09:49:39 +0700] "GET /assets/front/js/aos.js.map HTTP/1.1" 200 2366 "-" "Mozilla/5.0 (iPhone; CPU iPhone OS 13_2_3 like Mac OS X) AppleWebKit/605.1.15 (KHTML, like Gecko) Version/13.0.3 Mobile/15E148 Safari/604.1"
171.250.87.17 - - [28/Jun/2020:09:49:39 +0700] "GET /assets/front/js/bootstrap.min.js.map HTTP/1.1" 200 2377 "-" "Mozilla/5.0 (iPhone; CPU iPhone OS 13_2_3 like Mac OS X) AppleWebKit/605.1.15 (KHTML, like Gecko) Version/13.0.3 Mobile/15E148 Safari/604.1"
66.249.82.81 - - [28/Jun/2020:09:50:40 +0700] "GET / HTTP/1.1" 200 2927 "-" "Mozilla/5.0 (Linux; Android 7.0; Moto G (4)) AppleWebKit/537.36 (KHTML, like Gecko) Chrome/84.0.4143.7 Mobile Safari/537.36 Chrome-Lighthouse"
66.249.82.79 - - [28/Jun/2020:09:50:41 +0700] "GET / HTTP/1.1" 200 2926 "-" "Mozilla/5.0 (Macintosh; Intel Mac OS X 10_14_6) AppleWebKit/537.36 (KHTML, like Gecko) Chrome/84.0.4143.7 Safari/537.36 Chrome-Lighthouse"
66.249.82.81 - - [28/Jun/2020:09:50:43 +0700] "GET / HTTP/1.1" 200 2927 "-" "Mozilla/5.0 (Linux; Android 7.0; Moto G (4)) AppleWebKit/537.36 (KHTML, like Gecko) Chrome/84.0.4143.7 Mobile Safari/537.36 Chrome-Lighthouse"
66.249.82.77 - - [28/Jun/2020:09:50:43 +0700] "GET / HTTP/1.1" 200 2928 "-" "Mozilla/5.0 (Macintosh; Intel Mac OS X 10_14_6) AppleWebKit/537.36 (KHTML, like Gecko) Chrome/84.0.4143.7 Safari/537.36 Chrome-Lighthouse"
66.249.82.77 - - [28/Jun/2020:09:50:44 +0700] "GET /asset-manifest.json HTTP/1.1" 200 2365 "https://cafeweb.xyz/" "Mozilla/5.0 (Linux; Android 7.0; Moto G (4)) AppleWebKit/537.36 (KHTML, like Gecko) Chrome/84.0.4143.7 Mobile Safari/537.36 Chrome-Lighthouse"
66.249.82.77 - - [28/Jun/2020:09:50:44 +0700] "GET /asset-manifest.json HTTP/1.1" 200 2366 "https://cafeweb.xyz/" "Mozilla/5.0 (Macintosh; Intel Mac OS X 10_14_6) AppleWebKit/537.36 (KHTML, like Gecko) Chrome/84.0.4143.7 Safari/537.36 Chrome-Lighthouse"
66.249.82.79 - - [28/Jun/2020:09:51:54 +0700] "GET / HTTP/1.1" 200 2929 "-" "Mozilla/5.0 (Linux; Android 7.0; Moto G (4)) AppleWebKit/537.36 (KHTML, like Gecko) Chrome/84.0.4143.7 Mobile Safari/537.36 Chrome-Lighthouse"
66.249.82.77 - - [28/Jun/2020:09:51:54 +0700] "GET / HTTP/1.1" 200 2922 "-" "Mozilla/5.0 (Macintosh; Intel Mac OS X 10_14_6) AppleWebKit/537.36 (KHTML, like Gecko) Chrome/84.0.4143.7 Safari/537.36 Chrome-Lighthouse"
66.249.82.81 - - [28/Jun/2020:09:51:56 +0700] "GET / HTTP/1.1" 200 2926 "-" "Mozilla/5.0 (Linux; Android 7.0; Moto G (4)) AppleWebKit/537.36 (KHTML, like Gecko) Chrome/84.0.4143.7 Mobile Safari/537.36 Chrome-Lighthouse"
66.249.82.79 - - [28/Jun/2020:09:51:56 +0700] "GET / HTTP/1.1" 200 2926 "-" "Mozilla/5.0 (Macintosh; Intel Mac OS X 10_14_6) AppleWebKit/537.36 (KHTML, like Gecko) Chrome/84.0.4143.7 Safari/537.36 Chrome-Lighthouse"
66.249.82.77 - - [28/Jun/2020:09:51:57 +0700] "GET /asset-manifest.json HTTP/1.1" 200 2368 "https://cafeweb.xyz/" "Mozilla/5.0 (Linux; Android 7.0; Moto G (4)) AppleWebKit/537.36 (KHTML, like Gecko) Chrome/84.0.4143.7 Mobile Safari/537.36 Chrome-Lighthouse"
66.249.82.81 - - [28/Jun/2020:09:51:57 +0700] "GET /asset-manifest.json HTTP/1.1" 200 2360 "https://cafeweb.xyz/" "Mozilla/5.0 (Macintosh; Intel Mac OS X 10_14_6) AppleWebKit/537.36 (KHTML, like Gecko) Chrome/84.0.4143.7 Safari/537.36 Chrome-Lighthouse"
171.250.87.17 - - [28/Jun/2020:09:52:59 +0700] "GET / HTTP/1.1" 200 2924 "https://cafeweb.xyz/" "Mozilla/5.0 (iPhone; CPU iPhone OS 13_2_3 like Mac OS X) AppleWebKit/605.1.15 (KHTML, like Gecko) Version/13.0.3 Mobile/15E148 Safari/604.1"
171.250.87.17 - - [28/Jun/2020:09:52:59 +0700] "GET /assets/front/css/aos.css.map HTTP/1.1" 200 2362 "-" "Mozilla/5.0 (iPhone; CPU iPhone OS 13_2_3 like Mac OS X) AppleWebKit/605.1.15 (KHTML, like Gecko) Version/13.0.3 Mobile/15E148 Safari/604.1"
171.250.87.17 - - [28/Jun/2020:09:52:59 +0700] "GET /assets/front/js/popper.min.js.map HTTP/1.1" 200 2362 "-" "Mozilla/5.0 (iPhone; CPU iPhone OS 13_2_3 like Mac OS X) AppleWebKit/605.1.15 (KHTML, like Gecko) Version/13.0.3 Mobile/15E148 Safari/604.1"
171.250.87.17 - - [28/Jun/2020:09:53:00 +0700] "GET /assets/front/js/aos.js.map HTTP/1.1" 200 2370 "-" "Mozilla/5.0 (iPhone; CPU iPhone OS 13_2_3 like Mac OS X) AppleWebKit/605.1.15 (KHTML, like Gecko) Version/13.0.3 Mobile/15E148 Safari/604.1"
171.250.87.17 - - [28/Jun/2020:09:53:00 +0700] "GET /assets/front/js/bootstrap.min.js.map HTTP/1.1" 200 2368 "-" "Mozilla/5.0 (iPhone; CPU iPhone OS 13_2_3 like Mac OS X) AppleWebKit/605.1.15 (KHTML, like Gecko) Version/13.0.3 Mobile/15E148 Safari/604.1"
